285 Rysavy Ondrej,UIFS,541141118 /homes/kazi/rysavy
1994 Rab Jaroslav,UIFS,541141105 /homes/kazi/rabj
